<?xml version="1.0" encoding="UTF-8"?>
<testsuites name="jest tests" tests="22" failures="0" errors="0" time="3.127">
  <testsuite name="testing initiation of a display" errors="0" failures="0" skipped="0" timestamp="2023-05-11T13:01:21" time="2.842" tests="11">
    <testcase classname="testing initiation of a display empty list should return an object" name="testing initiation of a display empty list should return an object" time="0.001">
    </testcase>
    <testcase classname="testing initiation of a display empty list should return an expected object" name="testing initiation of a display empty list should return an expected object" time="0.001">
    </testcase>
    <testcase classname="testing initiation of a display validate tag param type" name="testing initiation of a display validate tag param type" time="0.001">
    </testcase>
    <testcase classname="testing initiation of a display validate outage param type" name="testing initiation of a display validate outage param type" time="0">
    </testcase>
    <testcase classname="testing initiation of a display validate invalid outage param type" name="testing initiation of a display validate invalid outage param type" time="0">
    </testcase>
    <testcase classname="testing initiation of a display validate location param type" name="testing initiation of a display validate location param type" time="0">
    </testcase>
    <testcase classname="testing initiation of a display validate frequency param type" name="testing initiation of a display validate frequency param type" time="0.001">
    </testcase>
    <testcase classname="testing initiation of a display expect errors for wrong param" name="testing initiation of a display expect errors for wrong param" time="0">
    </testcase>
    <testcase classname="testing initiation of a display unknown param should return empty object" name="testing initiation of a display unknown param should return empty object" time="0">
    </testcase>
    <testcase classname="testing initiation of a display json parse exception should return error" name="testing initiation of a display json parse exception should return error" time="0">
    </testcase>
    <testcase classname="testing initiation of a display not expected content should return error" name="testing initiation of a display not expected content should return error" time="0">
    </testcase>
  </testsuite>
  <testsuite name="testing initiation of a update" errors="0" failures="0" skipped="0" timestamp="2023-05-11T13:01:21" time="2.837" tests="11">
    <testcase classname="testing initiation of a update getUpdateDto should return expected object" name="testing initiation of a update getUpdateDto should return expected object" time="0.002">
    </testcase>
    <testcase classname="testing initiation of a update only outage should changed" name="testing initiation of a update only outage should changed" time="0.001">
    </testcase>
    <testcase classname="testing initiation of a update only frequency should changed" name="testing initiation of a update only frequency should changed" time="0.001">
    </testcase>
    <testcase classname="testing initiation of a update only locations should changed" name="testing initiation of a update only locations should changed" time="0">
    </testcase>
    <testcase classname="testing initiation of a update only manuallyAssignedApps should changed" name="testing initiation of a update only manuallyAssignedApps should changed" time="0">
    </testcase>
    <testcase classname="testing initiation of a update only tags should changed" name="testing initiation of a update only tags should changed" time="0">
    </testcase>
    <testcase classname="testing initiation of a update nothing should changed" name="testing initiation of a update nothing should changed" time="0">
    </testcase>
    <testcase classname="testing initiation of a update nothing should changed" name="testing initiation of a update nothing should changed" time="0.001">
    </testcase>
    <testcase classname="testing initiation of a update tags should not be changed when undefined " name="testing initiation of a update tags should not be changed when undefined " time="0">
    </testcase>
    <testcase classname="testing initiation of a update locations should not be changed when undefined " name="testing initiation of a update locations should not be changed when undefined " time="0">
    </testcase>
    <testcase classname="testing initiation of a update anomaly should not be changed when undefined " name="testing initiation of a update anomaly should not be changed when undefined " time="0">
    </testcase>
  </testsuite>
</testsuites>